// Jest Snapshot v1, https://goo.gl/fbAQLP

exports[`PageHeader component should render 1`] = `
<PageHeader>
  <section
    className="pf-l-page-header pf-c-page-header pf-l-page__main-section pf-c-page__main-section pf-m-light"
    widget-type="InsightsPageHeader"
  >
    Something
  </section>
</PageHeader>
`;
