// Jest Snapshot v1, https://goo.gl/fbAQLP

exports[`PageHeader component should render 1`] = `
<PageHeader>
  <section
    className="pf-l-page-header pf-l-page__main-section pf-m-light"
    widget-type="InsightsPageHeader"
  >
    <div
      className="pf-c-content"
    >
      Something
    </div>
  </section>
</PageHeader>
`;
