// Jest Snapshot v1, https://goo.gl/fbAQLP

exports[`DownloadButton component API clicking should open dropdown 1`] = `
<DownloadButton
  extraItems={
    Array [
      <Item
        className=""
        component="button"
        href="#"
        isDisabled={false}
        isHovered={false}
      />,
    ]
  }
  onSelect={[Function]}
>
  <Dropdown
    className=""
    direction="down"
    dropdownItems={
      Array [
        <Item
          className=""
          component="button"
          href="#"
          isDisabled={false}
          isHovered={false}
          onClick={[Function]}
        >
          CSV
        </Item>,
        <Item
          className=""
          component="button"
          href="#"
          isDisabled={false}
          isHovered={false}
          onClick={[Function]}
        >
          JSON
        </Item>,
        <Item
          className=""
          component="button"
          href="#"
          isDisabled={false}
          isHovered={false}
        />,
      ]
    }
    isOpen={true}
    isPlain={true}
    onSelect={[Function]}
    position="left"
    toggle={
      <DropdownToggle
        className=""
        iconComponent={null}
        id=""
        isActive={false}
        isFocused={false}
        isHovered={false}
        isOpen={false}
        isPlain={false}
        onToggle={[Function]}
        parentRef={null}
      >
        <FileExportIcon
          color="currentColor"
          size="md"
          title={null}
        />
      </DropdownToggle>
    }
  >
    <div
      className="pf-c-dropdown pf-m-expanded"
    >
      <DropdownToggle
        ariaHasPopup={true}
        className=""
        iconComponent={null}
        id="pf-toggle-id-1"
        isActive={false}
        isFocused={false}
        isHovered={false}
        isOpen={true}
        isPlain={true}
        key=".0"
        onEnter={[Function]}
        onToggle={[Function]}
        parentRef={
          <div
            class="pf-c-dropdown pf-m-expanded"
          >
            <button
              aria-expanded="true"
              aria-haspopup="true"
              class="pf-c-dropdown__toggle pf-m-plain"
              id="pf-toggle-id-1"
              type="button"
            >
              <span
                class="pf-c-dropdown__toggle-text"
              >
                <svg
                  aria-hidden="true"
                  fill="currentColor"
                  height="1.5em"
                  role="img"
                  style="vertical-align: -0.1875em;"
                  viewBox="0 0 576 512"
                  width="1.5em"
                >
                  <path
                    d="M384 121.9c0-6.3-2.5-12.4-7-16.9L279.1 7c-4.5-4.5-10.6-7-17-7H256v128h128v-6.1zM192 336v-32c0-8.84 7.16-16 16-16h176V160H248c-13.2 0-24-10.8-24-24V0H24C10.7 0 0 10.7 0 24v464c0 13.3 10.7 24 24 24h336c13.3 0 24-10.7 24-24V352H208c-8.84 0-16-7.16-16-16zm379.05-28.02l-95.7-96.43c-10.06-10.14-27.36-3.01-27.36 11.27V288H384v64h63.99v65.18c0 14.28 17.29 21.41 27.36 11.27l95.7-96.42c6.6-6.66 6.6-17.4 0-24.05z"
                    transform=""
                  />
                </svg>
              </span>
            </button>
            <ul
              aria-labelledby="pf-toggle-id-1"
              class="pf-c-dropdown__menu"
              role="menu"
            >
              <li
                role="none"
              >
                <button
                  class="pf-c-dropdown__menu-item"
                  href="#"
                  role="menuitem"
                  tabindex="-1"
                  type="button"
                >
                  CSV
                </button>
              </li>
              <li
                role="none"
              >
                <button
                  class="pf-c-dropdown__menu-item"
                  href="#"
                  role="menuitem"
                  tabindex="-1"
                  type="button"
                >
                  JSON
                </button>
              </li>
              <li
                role="none"
              >
                <button
                  class="pf-c-dropdown__menu-item"
                  href="#"
                  role="menuitem"
                  tabindex="-1"
                  type="button"
                />
              </li>
            </ul>
          </div>
        }
      >
        <DropdownToggle
          ariaHasPopup={true}
          className=""
          id="pf-toggle-id-1"
          isActive={false}
          isFocused={false}
          isHovered={false}
          isOpen={true}
          isPlain={true}
          onEnter={[Function]}
          onToggle={[Function]}
          parentRef={
            <div
              class="pf-c-dropdown pf-m-expanded"
            >
              <button
                aria-expanded="true"
                aria-haspopup="true"
                class="pf-c-dropdown__toggle pf-m-plain"
                id="pf-toggle-id-1"
                type="button"
              >
                <span
                  class="pf-c-dropdown__toggle-text"
                >
                  <svg
                    aria-hidden="true"
                    fill="currentColor"
                    height="1.5em"
                    role="img"
                    style="vertical-align: -0.1875em;"
                    viewBox="0 0 576 512"
                    width="1.5em"
                  >
                    <path
                      d="M384 121.9c0-6.3-2.5-12.4-7-16.9L279.1 7c-4.5-4.5-10.6-7-17-7H256v128h128v-6.1zM192 336v-32c0-8.84 7.16-16 16-16h176V160H248c-13.2 0-24-10.8-24-24V0H24C10.7 0 0 10.7 0 24v464c0 13.3 10.7 24 24 24h336c13.3 0 24-10.7 24-24V352H208c-8.84 0-16-7.16-16-16zm379.05-28.02l-95.7-96.43c-10.06-10.14-27.36-3.01-27.36 11.27V288H384v64h63.99v65.18c0 14.28 17.29 21.41 27.36 11.27l95.7-96.42c6.6-6.66 6.6-17.4 0-24.05z"
                      transform=""
                    />
                  </svg>
                </span>
              </button>
              <ul
                aria-labelledby="pf-toggle-id-1"
                class="pf-c-dropdown__menu"
                role="menu"
              >
                <li
                  role="none"
                >
                  <button
                    class="pf-c-dropdown__menu-item"
                    href="#"
                    role="menuitem"
                    tabindex="-1"
                    type="button"
                  >
                    CSV
                  </button>
                </li>
                <li
                  role="none"
                >
                  <button
                    class="pf-c-dropdown__menu-item"
                    href="#"
                    role="menuitem"
                    tabindex="-1"
                    type="button"
                  >
                    JSON
                  </button>
                </li>
                <li
                  role="none"
                >
                  <button
                    class="pf-c-dropdown__menu-item"
                    href="#"
                    role="menuitem"
                    tabindex="-1"
                    type="button"
                  />
                </li>
              </ul>
            </div>
          }
        >
          <button
            aria-expanded={true}
            aria-haspopup={true}
            className="pf-c-dropdown__toggle pf-m-plain"
            id="pf-toggle-id-1"
            onClick={[Function]}
            onKeyDown={[Function]}
            type="button"
          >
            <span
              className="pf-c-dropdown__toggle-text"
            >
              <FileExportIcon
                color="currentColor"
                size="md"
                title={null}
              >
                <svg
                  aria-hidden={true}
                  aria-labelledby={null}
                  fill="currentColor"
                  height="1.5em"
                  role="img"
                  style={
                    Object {
                      "verticalAlign": "-0.1875em",
                    }
                  }
                  viewBox="0 0 576 512"
                  width="1.5em"
                >
                  <path
                    d="M384 121.9c0-6.3-2.5-12.4-7-16.9L279.1 7c-4.5-4.5-10.6-7-17-7H256v128h128v-6.1zM192 336v-32c0-8.84 7.16-16 16-16h176V160H248c-13.2 0-24-10.8-24-24V0H24C10.7 0 0 10.7 0 24v464c0 13.3 10.7 24 24 24h336c13.3 0 24-10.7 24-24V352H208c-8.84 0-16-7.16-16-16zm379.05-28.02l-95.7-96.43c-10.06-10.14-27.36-3.01-27.36 11.27V288H384v64h63.99v65.18c0 14.28 17.29 21.41 27.36 11.27l95.7-96.42c6.6-6.66 6.6-17.4 0-24.05z"
                    transform=""
                  />
                </svg>
              </FileExportIcon>
            </span>
          </button>
        </DropdownToggle>
      </DropdownToggle>
      <DropdownMenu
        aria-labelledby="pf-toggle-id-1"
        className=""
        component="ul"
        isOpen={true}
        position="left"
      >
        <ul
          aria-labelledby="pf-toggle-id-1"
          className="pf-c-dropdown__menu"
          hidden={false}
          role="menu"
        >
          <Item
            className=""
            component="button"
            href="#"
            index={0}
            isDisabled={false}
            isHovered={false}
            key=".$download-csv"
            onClick={[Function]}
          >
            <DropdownItem
              className="pf-c-dropdown__menu-item"
              component="button"
              context={
                Object {
                  "keyHandler": [Function],
                  "sendRef": [Function],
                }
              }
              href="#"
              index={0}
              isDisabled={false}
              isHovered={false}
              onClick={[Function]}
              role="menuitem"
              tabIndex={-1}
            >
              <li
                role="none"
              >
                <button
                  className="pf-c-dropdown__menu-item"
                  disabled={false}
                  href="#"
                  onClick={[Function]}
                  onKeyDown={[Function]}
                  role="menuitem"
                  tabIndex={-1}
                  type="button"
                >
                  CSV
                </button>
              </li>
            </DropdownItem>
          </Item>
          <Item
            className=""
            component="button"
            href="#"
            index={1}
            isDisabled={false}
            isHovered={false}
            key=".$download-json"
            onClick={[Function]}
          >
            <DropdownItem
              className="pf-c-dropdown__menu-item"
              component="button"
              context={
                Object {
                  "keyHandler": [Function],
                  "sendRef": [Function],
                }
              }
              href="#"
              index={1}
              isDisabled={false}
              isHovered={false}
              onClick={[Function]}
              role="menuitem"
              tabIndex={-1}
            >
              <li
                role="none"
              >
                <button
                  className="pf-c-dropdown__menu-item"
                  disabled={false}
                  href="#"
                  onClick={[Function]}
                  onKeyDown={[Function]}
                  role="menuitem"
                  tabIndex={-1}
                  type="button"
                >
                  JSON
                </button>
              </li>
            </DropdownItem>
          </Item>
          <Item
            className=""
            component="button"
            href="#"
            index={2}
            isDisabled={false}
            isHovered={false}
            key=".$extra-1"
          >
            <DropdownItem
              className="pf-c-dropdown__menu-item"
              component="button"
              context={
                Object {
                  "keyHandler": [Function],
                  "sendRef": [Function],
                }
              }
              href="#"
              index={2}
              isDisabled={false}
              isHovered={false}
              onClick={[Function]}
              role="menuitem"
              tabIndex={-1}
            >
              <li
                role="none"
              >
                <button
                  className="pf-c-dropdown__menu-item"
                  disabled={false}
                  href="#"
                  onClick={[Function]}
                  onKeyDown={[Function]}
                  role="menuitem"
                  tabIndex={-1}
                  type="button"
                />
              </li>
            </DropdownItem>
          </Item>
        </ul>
      </DropdownMenu>
    </div>
  </Dropdown>
</DownloadButton>
`;

exports[`DownloadButton component should render CSV and JSON by default 1`] = `
<Dropdown
  className=""
  direction="down"
  dropdownItems={
    Array [
      <Item
        className=""
        component="button"
        href="#"
        isDisabled={false}
        isHovered={false}
        onClick={[Function]}
      >
        CSV
      </Item>,
      <Item
        className=""
        component="button"
        href="#"
        isDisabled={false}
        isHovered={false}
        onClick={[Function]}
      >
        JSON
      </Item>,
    ]
  }
  isOpen={false}
  isPlain={true}
  onSelect={[Function]}
  position="left"
  toggle={
    <DropdownToggle
      className=""
      iconComponent={null}
      id=""
      isActive={false}
      isFocused={false}
      isHovered={false}
      isOpen={false}
      isPlain={false}
      onToggle={[Function]}
      parentRef={null}
    >
      <FileExportIcon
        color="currentColor"
        size="md"
        title={null}
      />
    </DropdownToggle>
  }
/>
`;

exports[`DownloadButton component should render custom items 1`] = `
<Dropdown
  className=""
  direction="down"
  dropdownItems={
    Array [
      <Item
        className=""
        component="button"
        href="#"
        isDisabled={false}
        isHovered={false}
        onClick={[Function]}
      >
        CSV
      </Item>,
      <Item
        className=""
        component="button"
        href="#"
        isDisabled={false}
        isHovered={false}
        onClick={[Function]}
      >
        JSON
      </Item>,
      <Item
        className=""
        component="button"
        href="#"
        isDisabled={false}
        isHovered={false}
      />,
    ]
  }
  isOpen={false}
  isPlain={true}
  onSelect={[Function]}
  position="left"
  toggle={
    <DropdownToggle
      className=""
      iconComponent={null}
      id=""
      isActive={false}
      isFocused={false}
      isHovered={false}
      isOpen={false}
      isPlain={false}
      onToggle={[Function]}
      parentRef={null}
    >
      <FileExportIcon
        color="currentColor"
        size="md"
        title={null}
      />
    </DropdownToggle>
  }
/>
`;
